test_files/ascii38.input: Sendmail frozen configuration 
