test_files/ascii4.input: very short file (no magic)
