test_files/data19.input: very short file (no magic)
