test_files/data31.input: very short file (no magic)
