test_files/data1.input: very short file (no magic)
