test_files/data3.input: very short file (no magic)
