test_files/data17.input: very short file (no magic)
