test_files/data28.input: very short file (no magic)
