test_files/data21.input: very short file (no magic)
