test_files/data2.input: very short file (no magic)
