test_files/data√î.input: UTF-8 Unicode text, with no line terminators
