test_files/data24.input: very short file (no magic)
