test_files/data_uni.input: UTF-8 Unicode text, with no line terminators
