test_files/data127.input: very short file (no magic)
