test_files/data4.input: very short file (no magic)
