test_files/data30.input: very short file (no magic)
