test_files/data√Ö.input: UTF-8 Unicode text, with no line terminators
