test_files/data23.input: very short file (no magic)
