test_files/data26.input: very short file (no magic)
