test_files/data18.input: very short file (no magic)
