test_files/data15.input: very short file (no magic)
