test_files/data6.input: very short file (no magic)
