test_files/data14.input: very short file (no magic)
