test_files/data√ò.input: UTF-8 Unicode text, with no line terminators
