test_files/data20.input: very short file (no magic)
