test_files/data29.input: very short file (no magic)
