test_files/data5.input: very short file (no magic)
