test_files/data16.input: very short file (no magic)
