test_files/data√Ü.input: UTF-8 Unicode text, with no line terminators
