test_files/data√à.input: UTF-8 Unicode text, with no line terminators
