test_files/data22.input: very short file (no magic)
