test_files/data25.input: very short file (no magic)
