test_files/sourcebin.input: ELF 64-bit LSB executable, x86-64, version 1 (SYSV), dynamically linked, interpreter /lib64/ld-linux-x86-64.so.2, for GNU/Linux 2.6.32, BuildID[sha1]=9d996c56a6a94dd217b904db946b14984f85c9cf, not stripped
